apiVersion: operator.openshift.io/v1
kind: Console
metadata:
  annotations: {}
  labels:
    name: cluster
  name: cluster
spec:
  managementState: Managed
  plugins:
    - monitoring-plugin
    - networking-console-plugin
    - example-plugin
    - foo-bar
