apiVersion: console.openshift.io/v1
kind: ConsoleLink
metadata:
  annotations: {}
  labels:
    name: homepage
  name: homepage
spec:
  applicationMenu:
    imageURL: https://via.placeholder.com/24
    section: Company
  href: https://www.example.com/
  location: ApplicationMenu
  text: Home
