apiVersion: console.openshift.io/v1
kind: ConsoleLink
metadata:
  annotations: {}
  labels:
    name: user-docs
  name: user-docs
spec:
  href: https://docs.example.com/
  location: HelpMenu
  text: User Documentation
