apiVersion: v1
data: {}
kind: Secret
metadata:
  annotations: {}
  labels:
    name: console-cluster-example-com-tls
  name: console-cluster-example-com-tls
  namespace: openshift-config
stringData:
  tls.crt: t-silent-test-1234/c-green-test-1234/openshift4-console/tls/cert
  tls.key: t-silent-test-1234/c-green-test-1234/openshift4-console/tls/key
type: kubernetes.io/tls
