apiVersion: redhatcop.redhat.io/v1alpha1
kind: Patch
metadata:
  annotations:
    argocd.argoproj.io/sync-options: SkipDryRunOnMissingResource=true
    argocd.argoproj.io/sync-wave: '5'
  labels:
    name: namespace-openshift-config-2c8343f13594d63
  name: namespace-openshift-config-2c8343f13594d63
  namespace: syn-patch-operator
spec:
  patches:
    namespace-openshift-config-2c8343f13594d63-patch:
      patchTemplate: |-
        "metadata":
          "annotations":
            "syn.tools/openshift4-console": "secret-target-namespace"
      patchType: application/merge-patch+json
      targetObjectRef:
        apiVersion: v1
        kind: Namespace
        name: openshift-config
  serviceAccountRef:
    name: patch-sa
