apiVersion: v1
kind: Namespace
metadata:
  annotations:
    openshift.io/node-selector: node-role.kubernetes.io/master=
  labels:
    name: openshift-console
  name: openshift-console
