apiVersion: operator.openshift.io/v1
kind: Console
metadata:
  annotations: {}
  labels:
    name: cluster
  name: cluster
spec:
  customization:
    capabilities:
      - name: GettingStartedBanner
        visibility:
          state: Enabled
      - name: LightspeedButton
        visibility:
          state: Disabled
    perspectives:
      - id: dev
        visibility:
          state: Enabled
  managementState: Managed
  plugins:
    - monitoring-plugin
    - networking-console-plugin
