apiVersion: v1
binaryData:
  favicon.png: <PNG|base64 HERE>
data: {}
kind: ConfigMap
metadata:
  annotations:
    argocd.argoproj.io/compare-options: IgnoreExtraneous
    argocd.argoproj.io/sync-options: Prune=false
  labels:
    name: console-favicon
  name: console-favicon
  namespace: openshift-config
