apiVersion: redhatcop.redhat.io/v1alpha1
kind: Patch
metadata:
  annotations:
    argocd.argoproj.io/sync-options: SkipDryRunOnMissingResource=true
    argocd.argoproj.io/sync-wave: '10'
  labels:
    name: ingress-cluster-96338c6a0d5b244
  name: ingress-cluster-96338c6a0d5b244
  namespace: syn-patch-operator
spec:
  patches:
    ingress-cluster-96338c6a0d5b244-patch:
      patchTemplate: |-
        "spec":
          "componentRoutes":
          - "hostname": "console.company.cloud"
            "name": "console"
            "namespace": "openshift-console"
            "servingCertKeyPairSecret":
              "name": "console-company-cloud-tls"
      patchType: application/merge-patch+json
      targetObjectRef:
        apiVersion: config.openshift.io/v1
        kind: Ingress
        name: cluster
  serviceAccountRef:
    name: patch-sa
