apiVersion: operator.openshift.io/v1
kind: Console
metadata:
  annotations: {}
  labels:
    name: cluster
  name: cluster
spec:
  managementState: Managed
  plugins: []
  route:
    hostname: console.cluster.example.org
