apiVersion: v1
kind: Namespace
metadata:
  labels:
    name: openshift-console
  name: openshift-console
