spec:
  ignoreDifferences:
    - group: operator.openshift.io
      jsonPointers:
        - /spec/plugins
      kind: Console
